[pixelwibes.com/template/ihealth/html/dist/index.html]
[backblue.gif]
[fade.gif]
[index.html]
[pixelwibes.com/template/ihealth/html/dist/favicon.ico]
[pixelwibes.com/template/ihealth/html/dist/assets/plugin/datatables/responsive.dataTables.min.css]
[pixelwibes.com/template/ihealth/html/dist/assets/plugin/datatables/dataTables.bootstrap5.min.css]
[pixelwibes.com/template/ihealth/html/dist/assets/css/ihealth.style.min.css]
[pixelwibes.com/template/ihealth/html/dist/coviddashboard.html]
[pixelwibes.com/template/ihealth/html/dist/virtual.html]
[pixelwibes.com/template/ihealth/html/dist/doctor-all.html]
[pixelwibes.com/template/ihealth/html/dist/doctor-add.html]
[pixelwibes.com/template/ihealth/html/dist/appointment.html]
[pixelwibes.com/template/ihealth/html/dist/doctor-profile.html]
[pixelwibes.com/template/ihealth/html/dist/doctor-schedule.html]
[pixelwibes.com/template/ihealth/html/dist/patient-list.html]
[pixelwibes.com/template/ihealth/html/dist/patient-add.html]
[pixelwibes.com/template/ihealth/html/dist/patient-profile.html]
[pixelwibes.com/template/ihealth/html/dist/patient-invoices.html]
[pixelwibes.com/template/ihealth/html/dist/accidents.html]
[pixelwibes.com/template/ihealth/html/dist/labs.html]
[pixelwibes.com/template/ihealth/html/dist/department.html]
[pixelwibes.com/template/ihealth/html/dist/invoices.html]
[pixelwibes.com/template/ihealth/html/dist/payments.html]
[pixelwibes.com/template/ihealth/html/dist/expenses.html]
[pixelwibes.com/template/ihealth/html/dist/calendar.html]
[pixelwibes.com/template/ihealth/html/dist/chat.html]
[pixelwibes.com/template/ihealth/html/dist/ui-elements/ui-alerts.html]
[pixelwibes.com/template/ihealth/html/dist/table.html]
[pixelwibes.com/template/ihealth/html/dist/forms.html]
[pixelwibes.com/template/ihealth/html/dist/icon.html]
[pixelwibes.com/template/ihealth/html/dist/contact.html]
[pixelwibes.com/template/ihealth/html/dist/help.html]
[pixelwibes.com/template/ihealth/html/dist/assets/images/xs/avatar1.jpg]
[pixelwibes.com/template/ihealth/html/dist/assets/images/xs/avatar3.jpg]
[pixelwibes.com/template/ihealth/html/dist/assets/images/xs/avatar5.jpg]
[pixelwibes.com/template/ihealth/html/dist/assets/images/xs/avatar6.jpg]
[pixelwibes.com/template/ihealth/html/dist/assets/images/xs/avatar7.jpg]
[pixelwibes.com/template/ihealth/html/dist/assets/images/profile_av.png]
[pixelwibes.com/template/ihealth/html/dist/ui-elements/auth-signin.html]
[pixelwibes.com/template/ihealth/html/dist/ui-elements/auth-signup.html]
[pixelwibes.com/template/ihealth/html/dist/assets/images/xs/avatar2.jpg]
[pixelwibes.com/template/ihealth/html/dist/assets/images/xs/avatar4.jpg]
[pixelwibes.com/template/ihealth/html/dist/assets/images/xs/avatar9.jpg]
[pixelwibes.com/template/ihealth/html/dist/assets/images/xs/avatar11.jpg]
[pixelwibes.com/template/ihealth/html/dist/assets/images/xs/avatar12.jpg]
[pixelwibes.com/template/ihealth/html/dist/assets/images/xs/avatar8.jpg]
[pixelwibes.com/template/ihealth/html/dist/assets/bundles/libscripts.bundle.js]
[pixelwibes.com/template/ihealth/html/dist/assets/bundles/apexcharts.bundle.js]
[pixelwibes.com/template/ihealth/html/dist/assets/plugin/jqueryuicalandar/jquery-ui.min.js]
[pixelwibes.com/template/ihealth/html/dist/assets/plugin/owlcarousel/owl.carousel.js]
[pixelwibes.com/template/ihealth/html/dist/assets/bundles/dataTables.bundle.js]
[pixelwibes.com/template/ihealth/html/js/template.js]
[pixelwibes.com/template/ihealth/html/js/page/index.js]
[pixelwibes.com/template/ihealth/html/dist/index.html]
[pixelwibes.com/template/ihealth/html/dist/assets/plugin/datatables/responsive.dataTables.min.css]
[pixelwibes.com/template/ihealth/html/dist/assets/plugin/datatables/dataTables.bootstrap5.min.css]
[cdnjs.cloudflare.com/ajax/libs/font-awesome/4.7.0/css/font-awesome.min.css]
[cdn.jsdelivr.net/npm/bootstrap-icons@1.3.0/font/bootstrap-icons.css]
[pixelwibes.com/template/ihealth/html/dist/assets/fonts/icofont/fonts/icofont.eot]
[pixelwibes.com/template/ihealth/html/dist/assets/fonts/icofont/fonts/icofontd41d.eot]
[pixelwibes.com/template/ihealth/html/dist/assets/fonts/icofont/fonts/icofont.woff]
[pixelwibes.com/template/ihealth/html/dist/assets/fonts/icofont/fonts/icofont.ttf]
[pixelwibes.com/template/ihealth/html/dist/assets/css/ihealth.style.min.css]
[pixelwibes.com/template/ihealth/html/dist/assets/plugin/echarts/echarts.min.js]
[pixelwibes.com/template/ihealth/html/js/page/covid.js]
[pixelwibes.com/template/ihealth/html/dist/coviddashboard.html]
[pixelwibes.com/template/ihealth/html/dist/assets/plugin/owlcarousel/owl.carousel.min.css]
[pixelwibes.com/template/ihealth/html/dist/assets/images/lg/avatar1.jpg]
[pixelwibes.com/template/ihealth/html/dist/assets/images/lg/avatar2.jpg]
[pixelwibes.com/template/ihealth/html/dist/assets/images/lg/avatar3.jpg]
[pixelwibes.com/template/ihealth/html/dist/assets/images/lg/avatar4.jpg]
[pixelwibes.com/template/ihealth/html/dist/assets/images/lg/avatar5.jpg]
[pixelwibes.com/template/ihealth/html/dist/assets/images/lg/avatar6.jpg]
[pixelwibes.com/template/ihealth/html/dist/assets/images/lg/avatar7.jpg]
[pixelwibes.com/template/ihealth/html/dist/assets/images/lg/avatar8.jpg]
[pixelwibes.com/template/ihealth/html/dist/assets/images/lg/avatar9.jpg]
[pixelwibes.com/template/ihealth/html/dist/assets/images/lg/avatar10.jpg]
[pixelwibes.com/template/ihealth/html/dist/assets/images/heartbeat.png]
[pixelwibes.com/template/ihealth/html/dist/assets/images/doctor.jpg]
[pixelwibes.com/template/ihealth/html/dist/assets/images/gallery/1.jpg]
[pixelwibes.com/template/ihealth/html/dist/assets/images/gallery/2.jpg]
[pixelwibes.com/template/ihealth/html/js/page/virtual.js]
[pixelwibes.com/template/ihealth/html/dist/virtual.html]
[pixelwibes.com/template/ihealth/html/dist/assets/images/sm/avatar3.jpg]
[pixelwibes.com/template/ihealth/html/dist/assets/images/sm/avatar4.jpg]
[pixelwibes.com/template/ihealth/html/dist/assets/images/sm/avatar5.jpg]
[pixelwibes.com/template/ihealth/html/dist/assets/images/sm/avatar8.jpg]
[pixelwibes.com/template/ihealth/html/dist/assets/images/sm/avatar9.jpg]
[pixelwibes.com/template/ihealth/html/dist/assets/images/sm/avatar10.jpg]
[pixelwibes.com/template/ihealth/html/dist/doctor-all.html]
[pixelwibes.com/template/ihealth/html/dist/doctor-add.html]
[pixelwibes.com/template/ihealth/html/dist/appointment.html]
[pixelwibes.com/template/ihealth/html/js/page/doctor-profile.js]
[pixelwibes.com/template/ihealth/html/dist/doctor-profile.html]
[pixelwibes.com/template/ihealth/html/js/page/schedule.js]
[pixelwibes.com/template/ihealth/html/dist/doctor-schedule.html]
[pixelwibes.com/template/ihealth/html/dist/patient-list.html]
[pixelwibes.com/template/ihealth/html/dist/patient-add.html]
[pixelwibes.com/template/ihealth/html/dist/assets/images/xs/avatar10.jpg]
[pixelwibes.com/template/ihealth/html/js/page/patient-profile.js]
[pixelwibes.com/template/ihealth/html/dist/patient-profile.html]
[pixelwibes.com/template/ihealth/html/dist/patient-invoices.html]
[pixelwibes.com/template/ihealth/html/js/page/google.js]
[pixelwibes.com/template/ihealth/html/dist/accidents.html]
[pixelwibes.com/template/ihealth/html/js/page/labs.js]
[pixelwibes.com/template/ihealth/html/dist/labs.html]
[pixelwibes.com/template/ihealth/html/dist/department.html]
[pixelwibes.com/template/ihealth/html/dist/invoices.html]
[pixelwibes.com/template/ihealth/html/dist/payments.html]
[pixelwibes.com/template/ihealth/html/dist/expenses.html]
[pixelwibes.com/template/ihealth/html/dist/assets/plugin/fullcalendar/main.min.css]
[pixelwibes.com/template/ihealth/html/dist/calendar.html]
[pixelwibes.com/template/ihealth/html/dist/chat.html]
[pixelwibes.com/template/ihealth/html/dist/assets/plugin/fullcalendar/main.min.js]
[pixelwibes.com/template/ihealth/html/dist/assets/plugin/prism/prism.css]
[pixelwibes.com/template/ihealth/html/dist/ui-elements/index.html]
[pixelwibes.com/template/ihealth/html/dist/ui-elements/auth-password-reset.html]
[pixelwibes.com/template/ihealth/html/dist/ui-elements/auth-two-step.html]
[pixelwibes.com/template/ihealth/html/dist/ui-elements/auth-404.html]
[pixelwibes.com/template/ihealth/html/dist/ui-elements/ui-badge.html]
[pixelwibes.com/template/ihealth/html/dist/ui-elements/ui-breadcrumb.html]
[pixelwibes.com/template/ihealth/html/dist/ui-elements/ui-buttons.html]
[pixelwibes.com/template/ihealth/html/dist/ui-elements/ui-card.html]
[pixelwibes.com/template/ihealth/html/dist/ui-elements/ui-carousel.html]
[pixelwibes.com/template/ihealth/html/dist/ui-elements/ui-collapse.html]
[pixelwibes.com/template/ihealth/html/dist/ui-elements/ui-dropdowns.html]
[pixelwibes.com/template/ihealth/html/dist/ui-elements/ui-listgroup.html]
[pixelwibes.com/template/ihealth/html/dist/ui-elements/ui-modal.html]
[pixelwibes.com/template/ihealth/html/dist/ui-elements/ui-navs.html]
[pixelwibes.com/template/ihealth/html/dist/ui-elements/ui-navbar.html]
[pixelwibes.com/template/ihealth/html/dist/ui-elements/ui-pagination.html]
[pixelwibes.com/template/ihealth/html/dist/ui-elements/ui-popovers.html]
[pixelwibes.com/template/ihealth/html/dist/ui-elements/ui-progress.html]
[pixelwibes.com/template/ihealth/html/dist/ui-elements/ui-scrollspy.html]
[pixelwibes.com/template/ihealth/html/dist/ui-elements/ui-spinners.html]
[pixelwibes.com/template/ihealth/html/dist/ui-elements/ui-toasts.html]
[pixelwibes.com/template/ihealth/html/dist/ui-elements/ui-tooltips.html]
[pixelwibes.com/template/ihealth/html/dist/ui-elements/documentation.html]
[pixelwibes.com/template/ihealth/html/dist/ui-elements/changelog.html]
[pixelwibes.com/template/ihealth/html/dist/ui-elements/help.html]
[pixelwibes.com/template/ihealth/html/dist/ui-elements/ui-alerts.html]
[pixelwibes.com/template/ihealth/html/dist/table.html]
[pixelwibes.com/template/ihealth/html/dist/assets/plugin/prism/prism.js]
[pixelwibes.com/template/ihealth/html/dist/assets/plugin/parsleyjs/css/parsley.css]
[pixelwibes.com/template/ihealth/html/dist/forms.html]
[pixelwibes.com/template/ihealth/html/dist/assets/plugin/parsleyjs/js/parsley.js]
[pixelwibes.com/template/ihealth/html/dist/icon.html]
[pixelwibes.com/template/ihealth/html/dist/contact.html]
[pixelwibes.com/template/ihealth/html/dist/help.html]
[pixelwibes.com/template/ihealth/html/dist/ui-elements/auth-signin.html]
[pixelwibes.com/template/ihealth/html/dist/ui-elements/auth-signup.html]
[cdnjs.cloudflare.com/ajax/libs/font-awesome/4.7.0/css/font-awesome.min.css]
[cdn.jsdelivr.net/npm/bootstrap-icons@1.3.0/font/fonts/bootstrap-icons289b.woff]
[cdn.jsdelivr.net/npm/bootstrap-icons@1.3.0/font/fonts/bootstrap-icons289b.woff2]
[cdn.jsdelivr.net/npm/bootstrap-icons@1.3.0/font/bootstrap-icons.css]
[pixelwibes.com/template/ihealth/html/dist/assets/fonts/icofont/fonts/icofont.svg]
[pixelwibes.com/template/ihealth/html/dist/assets/plugin/owlcarousel/owl.carousel.min.css]
[pixelwibes.com/template/ihealth/html/dist/projects.html]
[pixelwibes.com/template/ihealth/html/dist/assets/plugin/fullcalendar/main.min.css]
[pixelwibes.com/template/ihealth/html/dist/assets/plugin/prism/prism.css]
[pixelwibes.com/template/ihealth/html/dist/ui-elements/index.html]
[pixelwibes.com/template/ihealth/html/dist/ui-elements/auth-password-reset.html]
[pixelwibes.com/template/ihealth/html/dist/ui-elements/auth-two-step.html]
[pixelwibes.com/template/ihealth/html/dist/ui-elements/auth-404.html]
[pixelwibes.com/template/ihealth/html/dist/ui-elements/ui-badge.html]
[pixelwibes.com/template/ihealth/html/dist/ui-elements/ui-breadcrumb.html]
[pixelwibes.com/template/ihealth/html/dist/ui-elements/ui-buttons.html]
[pixelwibes.com/template/ihealth/html/dist/assets/images/gallery/6.jpg]
[pixelwibes.com/template/ihealth/html/dist/assets/images/gallery/10.jpg]
[pixelwibes.com/template/ihealth/html/dist/assets/images/gallery/8.jpg]
[pixelwibes.com/template/ihealth/html/dist/assets/images/gallery/5.jpg]
[pixelwibes.com/template/ihealth/html/dist/assets/images/gallery/9.jpg]
[pixelwibes.com/template/ihealth/html/dist/assets/images/gallery/3.jpg]
[pixelwibes.com/template/ihealth/html/dist/assets/images/gallery/7.jpg]
[pixelwibes.com/template/ihealth/html/dist/assets/images/gallery/4.jpg]
[pixelwibes.com/template/ihealth/html/dist/ui-elements/ui-card.html]
[pixelwibes.com/template/ihealth/html/dist/ui-elements/ui-carousel.html]
[pixelwibes.com/template/ihealth/html/dist/ui-elements/ui-collapse.html]
[cdn.jsdelivr.net/npm/popper.js@1.16.1/dist/umd/popper.min.js]
[pixelwibes.com/template/ihealth/html/dist/ui-elements/ui-dropdowns.html]
[pixelwibes.com/template/ihealth/html/dist/ui-elements/ui-listgroup.html]
[pixelwibes.com/template/ihealth/html/dist/ui-elements/ui-modal.html]
[pixelwibes.com/template/ihealth/html/dist/ui-elements/ui-navs.html]
[pixelwibes.com/template/ihealth/html/dist/ui-elements/ui-navbar.html]
[pixelwibes.com/template/ihealth/html/dist/ui-elements/ui-pagination.html]
[pixelwibes.com/template/ihealth/html/dist/ui-elements/ui-popovers.html]
[pixelwibes.com/template/ihealth/html/dist/ui-elements/ui-progress.html]
[pixelwibes.com/template/ihealth/html/dist/ui-elements/ui-scrollspy.html]
[pixelwibes.com/template/ihealth/html/dist/ui-elements/ui-spinners.html]
[pixelwibes.com/template/ihealth/html/dist/ui-elements/ui-toasts.html]
[pixelwibes.com/template/ihealth/html/dist/ui-elements/ui-tooltips.html]
[pixelwibes.com/template/ihealth/html/dist/assets/images/document/menu-open.png]
[pixelwibes.com/template/ihealth/html/dist/assets/images/document/menu-close.png]
[pixelwibes.com/template/ihealth/html/dist/ui-elements/documentation.html]
[pixelwibes.com/template/ihealth/html/dist/assets/images/document/setting.png]
[pixelwibes.com/template/ihealth/html/dist/ui-elements/changelog.html]
[pixelwibes.com/template/ihealth/html/dist/ui-elements/help.html]
[pixelwibes.com/template/ihealth/html/dist/assets/plugin/parsleyjs/css/parsley.css]
[pixelwibes.com/template/ihealth/html/dist/assets/images/login-img.svg]
[pixelwibes.com/template/ihealth/html/dist/assets/images/google.svg]
[pixelwibes.com/template/ihealth/html/dist/assets/plugin/owlcarousel/owl.video.play.html]
[pixelwibes.com/template/ihealth/html/dist/assets/images/no-data.svg]
[pixelwibes.com/template/ihealth/html/dist/assets/images/forgot-password.svg]
[pixelwibes.com/template/ihealth/html/dist/assets/images/verify.svg]
[pixelwibes.com/template/ihealth/html/dist/assets/images/not_found.svg]
[pixelwibes.com/template/ihealth/html/dist/ui-elements/virtual.html]
[pixelwibes.com/template/ihealth/html/dist/ui-elements/patient-invoices.html]
[pixelwibes.com/template/ihealth/html/dist/ui-elements/ui-elements/auth-signin.html]
[pixelwibes.com/template/ihealth/html/dist/ui-elements/ui-elements/auth-signup.html]
[pixelwibes.com/template/ihealth/html/dist/assets/images/change-log.svg]
